// Jest Snapshot v1, https://goo.gl/fbAQLP

exports[`should match snapshot 1`] = `
<DocumentFragment>
  <div
    class=" shadow-lg text-white  card"
    style="background-color: rgb(39, 40, 41); display: flex; flex-direction: column; align-items: center;"
  >
    <div
      class="card-body"
    >
      <p>
        hello
      </p>
    </div>
  </div>
</DocumentFragment>
`;
